
  .   ____          _            __ _ _
 /\\ / ___'_ __ _ _(_)_ __  __ _ \ \ \ \
( ( )\___ | '_ | '_| | '_ \/ _` | \ \ \ \
 \\/  ___)| |_)| | | | | || (_| |  ) ) ) )
  '  |____| .__|_| |_|_| |_\__, | / / / /
 =========|_|==============|___/=/_/_/_/
 :: Spring Boot ::                (v3.2.3)

2025-11-20 11:10:11 - Starting CodeBuddyPocApplication v0.0.1-SNAPSHOT using Java 17.0.11 with PID 70044 (/Users/maox029/Documents/leoProj/CodeBuddyPOC/target/CodeBuddyPOC-0.0.1-SNAPSHOT.jar started by maox029 in /Users/maox029/Documents/leoProj/CodeBuddyPOC)
2025-11-20 11:10:11 - Running with Spring Boot v3.2.3, Spring v6.1.4
2025-11-20 11:10:11 - No active profile set, falling back to 1 default profile: "default"
2025-11-20 11:10:11 - Bootstrapping Spring Data JPA repositories in DEFAULT mode.
2025-11-20 11:10:11 - Finished Spring Data repository scanning in 18 ms. Found 1 JPA repository interface.
2025-11-20 11:10:12 - Tomcat initialized with port 8080 (http)
2025-11-20 11:10:12 - Starting service [Tomcat]
2025-11-20 11:10:12 - Starting Servlet engine: [Apache Tomcat/10.1.19]
2025-11-20 11:10:12 - Initializing Spring embedded WebApplicationContext
2025-11-20 11:10:12 - Root WebApplicationContext: initialization completed in 1085 ms
2025-11-20 11:10:12 - HikariPool-1 - Starting...
2025-11-20 11:10:12 - HikariPool-1 - Added connection conn0: url=jdbc:h2:mem:tododb user=SA
2025-11-20 11:10:12 - HikariPool-1 - Start completed.
2025-11-20 11:10:12 - H2 console available at '/h2-console'. Database available at 'jdbc:h2:mem:tododb'
2025-11-20 11:10:12 - Filter 'webMvcObservationFilter' configured for use
2025-11-20 11:10:12 - HHH000204: Processing PersistenceUnitInfo [name: default]
2025-11-20 11:10:12 - HHH000412: Hibernate ORM core version 6.4.4.Final
2025-11-20 11:10:12 - HHH000026: Second-level cache disabled
2025-11-20 11:10:12 - No LoadTimeWeaver setup: ignoring JPA class transformer
2025-11-20 11:10:12 - HHH90000025: H2Dialect does not need to be specified explicitly using 'hibernate.dialect' (remove the property setting and it will be selected by default)
2025-11-20 11:10:13 - HHH000489: No JTA platform available (set 'hibernate.transaction.jta.platform' to enable JTA platform integration)
Hibernate: 
    drop table if exists todo_tasks cascade 
Hibernate: 
    create table todo_tasks (
        completed_at timestamp(6),
        created_at timestamp(6) not null,
        deadline timestamp(6),
        id bigint generated by default as identity,
        updated_at timestamp(6) not null,
        title varchar(50) not null,
        description varchar(500),
        priority varchar(255) not null check (priority in ('HIGH','MEDIUM','LOW')),
        status varchar(255) not null check (status in ('PENDING','COMPLETED')),
        primary key (id)
    )
2025-11-20 11:10:13 - Initialized JPA EntityManagerFactory for persistence unit 'default'
2025-11-20 11:10:13 - Hibernate is in classpath; If applicable, HQL parser will be used.
2025-11-20 11:10:13 - spring.jpa.open-in-view is enabled by default. Therefore, database queries may be performed during view rendering. Explicitly configure spring.jpa.open-in-view to disable this warning
2025-11-20 11:10:13 - 16 mappings in 'requestMappingHandlerMapping'
2025-11-20 11:10:13 - Patterns [/webjars/**, /**, /swagger-ui*/*swagger-initializer.js, /swagger-ui*/**] in 'resourceHandlerMapping'
2025-11-20 11:10:13 - ControllerAdvice beans: 0 @ModelAttribute, 0 @InitBinder, 1 RequestBodyAdvice, 1 ResponseBodyAdvice
2025-11-20 11:10:13 - ControllerAdvice beans: 3 @ExceptionHandler, 1 ResponseBodyAdvice
2025-11-20 11:10:13 - ControllerAdvice beans: 3 @ExceptionHandler, 0 ResponseBodyAdvice
2025-11-20 11:10:14 - Exposing 1 endpoint(s) beneath base path '/actuator'
2025-11-20 11:10:14 - Tomcat started on port 8080 (http) with context path ''
2025-11-20 11:10:14 - Started CodeBuddyPocApplication in 3.278 seconds (process running for 3.511)
2025-11-20 11:10:20 - Initializing Spring DispatcherServlet 'dispatcherServlet'
2025-11-20 11:10:20 - Initializing Servlet 'dispatcherServlet'
2025-11-20 11:10:20 - Detected StandardServletMultipartResolver
2025-11-20 11:10:20 - Detected AcceptHeaderLocaleResolver
2025-11-20 11:10:20 - Detected FixedThemeResolver
2025-11-20 11:10:20 - Detected org.springframework.web.servlet.view.DefaultRequestToViewNameTranslator@1c09a369
2025-11-20 11:10:20 - Detected org.springframework.web.servlet.support.SessionFlashMapManager@2f75c413
2025-11-20 11:10:20 - enableLoggingRequestDetails='false': request parameters and headers will be masked to prevent unsafe logging of potentially sensitive data
2025-11-20 11:10:20 - Completed initialization in 1 ms
2025-11-20 11:10:20 - GET "/api/tasks", parameters={}
2025-11-20 11:10:20 - Mapped to org.example.codebuddypoc.controller.TodoTaskController#getTasks(String, String)
Hibernate: 
    select
        tt1_0.id,
        tt1_0.completed_at,
        tt1_0.created_at,
        tt1_0.deadline,
        tt1_0.description,
        tt1_0.priority,
        tt1_0.status,
        tt1_0.title,
        tt1_0.updated_at 
    from
        todo_tasks tt1_0 
    order by
        tt1_0.created_at desc
2025-11-20 11:10:20 - Using 'application/json', given [*/*] and supported [application/json, application/*+json]
2025-11-20 11:10:20 - Writing [[]]
2025-11-20 11:10:20 - Completed 200 OK
2025-11-20 11:10:37 - GET "/api/tasks?sortBy=created", parameters={masked}
2025-11-20 11:10:37 - Mapped to org.example.codebuddypoc.controller.TodoTaskController#getTasks(String, String)
Hibernate: 
    select
        tt1_0.id,
        tt1_0.completed_at,
        tt1_0.created_at,
        tt1_0.deadline,
        tt1_0.description,
        tt1_0.priority,
        tt1_0.status,
        tt1_0.title,
        tt1_0.updated_at 
    from
        todo_tasks tt1_0 
    order by
        tt1_0.created_at desc
2025-11-20 11:10:37 - Using 'application/json', given [application/json, text/plain, */*] and supported [application/json, application/*+json]
2025-11-20 11:10:37 - Writing [[]]
2025-11-20 11:10:37 - Completed 200 OK
2025-11-20 11:10:37 - GET "/api/tasks?sortBy=created", parameters={masked}
2025-11-20 11:10:37 - Mapped to org.example.codebuddypoc.controller.TodoTaskController#getTasks(String, String)
Hibernate: 
    select
        tt1_0.id,
        tt1_0.completed_at,
        tt1_0.created_at,
        tt1_0.deadline,
        tt1_0.description,
        tt1_0.priority,
        tt1_0.status,
        tt1_0.title,
        tt1_0.updated_at 
    from
        todo_tasks tt1_0 
    order by
        tt1_0.created_at desc
2025-11-20 11:10:37 - Using 'application/json', given [application/json, text/plain, */*] and supported [application/json, application/*+json]
2025-11-20 11:10:37 - Writing [[]]
2025-11-20 11:10:37 - Completed 200 OK
2025-11-20 11:10:37 - GET "/favicon.ico", parameters={}
2025-11-20 11:10:37 - Mapped to ResourceHttpRequestHandler [classpath [META-INF/resources/], classpath [resources/], classpath [static/], classpath [public/], ServletContext [/]]
2025-11-20 11:10:37 - Resource not found
2025-11-20 11:10:37 - Using @ExceptionHandler org.example.codebuddypoc.exception.GlobalExceptionHandler#handleGenericException(Exception)
2025-11-20 11:10:37 - Using 'application/json;q=0.8', given [image/avif, image/webp, image/apng, image/svg+xml, image/*, */*;q=0.8] and supported [application/json, application/*+json]
2025-11-20 11:10:37 - Writing [{error=Internal Server Error, message=服务器内部错误, timestamp=2025-11-20T11:10:37.773118, status=500}]
2025-11-20 11:10:37 - Resolved [org.springframework.web.servlet.resource.NoResourceFoundException: No static resource favicon.ico.]
2025-11-20 11:10:37 - Completed 500 INTERNAL_SERVER_ERROR
2025-11-20 11:10:49 - GET "/favicon.ico", parameters={}
2025-11-20 11:10:49 - Mapped to ResourceHttpRequestHandler [classpath [META-INF/resources/], classpath [resources/], classpath [static/], classpath [public/], ServletContext [/]]
2025-11-20 11:10:49 - Resource not found
2025-11-20 11:10:49 - Using @ExceptionHandler org.example.codebuddypoc.exception.GlobalExceptionHandler#handleGenericException(Exception)
2025-11-20 11:10:49 - Using 'application/json;q=0.8', given [image/avif, image/webp, image/apng, image/svg+xml, image/*, */*;q=0.8] and supported [application/json, application/*+json]
2025-11-20 11:10:49 - Writing [{error=Internal Server Error, message=服务器内部错误, timestamp=2025-11-20T11:10:49.175406, status=500}]
2025-11-20 11:10:49 - Resolved [org.springframework.web.servlet.resource.NoResourceFoundException: No static resource favicon.ico.]
2025-11-20 11:10:49 - Completed 500 INTERNAL_SERVER_ERROR
2025-11-20 11:11:00 - 开始检查任务提醒...
Hibernate: 
    select
        tt1_0.id,
        tt1_0.completed_at,
        tt1_0.created_at,
        tt1_0.deadline,
        tt1_0.description,
        tt1_0.priority,
        tt1_0.status,
        tt1_0.title,
        tt1_0.updated_at 
    from
        todo_tasks tt1_0 
    where
        tt1_0.deadline between ? and ? 
        and tt1_0.status='PENDING'
Hibernate: 
    select
        tt1_0.id,
        tt1_0.completed_at,
        tt1_0.created_at,
        tt1_0.deadline,
        tt1_0.description,
        tt1_0.priority,
        tt1_0.status,
        tt1_0.title,
        tt1_0.updated_at 
    from
        todo_tasks tt1_0 
    where
        tt1_0.deadline<? 
        and tt1_0.status='PENDING'
2025-11-20 11:11:00 - 任务提醒检查完成，共检查到 0 个需要提醒的任务
2025-11-20 11:11:09 - POST "/api/tasks", parameters={}
2025-11-20 11:11:09 - Mapped to org.example.codebuddypoc.controller.TodoTaskController#createTask(TodoTaskCreateRequest)
2025-11-20 11:11:09 - Read "application/json;charset=UTF-8" to [TodoTaskCreateRequest(title=first, description=第一个任务, priority=HIGH, deadline=2025-11-20T14:00)]
Hibernate: 
    insert 
    into
        todo_tasks
        (completed_at, created_at, deadline, description, priority, status, title, updated_at, id) 
    values
        (?, ?, ?, ?, ?, ?, ?, ?, default)
2025-11-20 11:11:09 - Using 'application/json', given [application/json, text/plain, */*] and supported [application/json, application/*+json]
2025-11-20 11:11:09 - Writing [TodoTaskResponse(id=1, title=first, description=第一个任务, status=PENDING, statusDescription=未完成, priori (truncated)...]
2025-11-20 11:11:09 - Completed 200 OK
2025-11-20 11:11:09 - GET "/api/tasks?sortBy=created", parameters={masked}
2025-11-20 11:11:09 - Mapped to org.example.codebuddypoc.controller.TodoTaskController#getTasks(String, String)
2025-11-20 11:11:09 - GET "/favicon.ico", parameters={}
2025-11-20 11:11:09 - Mapped to ResourceHttpRequestHandler [classpath [META-INF/resources/], classpath [resources/], classpath [static/], classpath [public/], ServletContext [/]]
Hibernate: 
    select
        tt1_0.id,
        tt1_0.completed_at,
        tt1_0.created_at,
        tt1_0.deadline,
        tt1_0.description,
        tt1_0.priority,
        tt1_0.status,
        tt1_0.title,
        tt1_0.updated_at 
    from
        todo_tasks tt1_0 
    order by
        tt1_0.created_at desc
2025-11-20 11:11:09 - Resource not found
2025-11-20 11:11:09 - Using @ExceptionHandler org.example.codebuddypoc.exception.GlobalExceptionHandler#handleGenericException(Exception)
2025-11-20 11:11:09 - Using 'application/json;q=0.8', given [image/avif, image/webp, image/apng, image/svg+xml, image/*, */*;q=0.8] and supported [application/json, application/*+json]
2025-11-20 11:11:09 - Writing [{error=Internal Server Error, message=服务器内部错误, timestamp=2025-11-20T11:11:09.644234, status=500}]
2025-11-20 11:11:09 - Resolved [org.springframework.web.servlet.resource.NoResourceFoundException: No static resource favicon.ico.]
2025-11-20 11:11:09 - Completed 500 INTERNAL_SERVER_ERROR
2025-11-20 11:11:09 - Using 'application/json', given [application/json, text/plain, */*] and supported [application/json, application/*+json]
2025-11-20 11:11:09 - Writing [[TodoTaskResponse(id=1, title=first, description=第一个任务, status=PENDING, statusDescription=未完成, prior (truncated)...]
2025-11-20 11:11:09 - Completed 200 OK
2025-11-20 11:11:09 - GET "/api/tasks?sortBy=created", parameters={masked}
2025-11-20 11:11:09 - Mapped to org.example.codebuddypoc.controller.TodoTaskController#getTasks(String, String)
Hibernate: 
    select
        tt1_0.id,
        tt1_0.completed_at,
        tt1_0.created_at,
        tt1_0.deadline,
        tt1_0.description,
        tt1_0.priority,
        tt1_0.status,
        tt1_0.title,
        tt1_0.updated_at 
    from
        todo_tasks tt1_0 
    order by
        tt1_0.created_at desc
2025-11-20 11:11:09 - Using 'application/json', given [application/json, text/plain, */*] and supported [application/json, application/*+json]
2025-11-20 11:11:09 - Writing [[TodoTaskResponse(id=1, title=first, description=第一个任务, status=PENDING, statusDescription=未完成, prior (truncated)...]
2025-11-20 11:11:09 - Completed 200 OK
2025-11-20 11:11:15 - GET "/api/tasks?status=pending&sortBy=created", parameters={masked}
2025-11-20 11:11:15 - Mapped to org.example.codebuddypoc.controller.TodoTaskController#getTasks(String, String)
Hibernate: 
    select
        tt1_0.id,
        tt1_0.completed_at,
        tt1_0.created_at,
        tt1_0.deadline,
        tt1_0.description,
        tt1_0.priority,
        tt1_0.status,
        tt1_0.title,
        tt1_0.updated_at 
    from
        todo_tasks tt1_0 
    where
        tt1_0.status=?
2025-11-20 11:11:15 - Using 'application/json', given [application/json, text/plain, */*] and supported [application/json, application/*+json]
2025-11-20 11:11:15 - Writing [[TodoTaskResponse(id=1, title=first, description=第一个任务, status=PENDING, statusDescription=未完成, prior (truncated)...]
2025-11-20 11:11:15 - Completed 200 OK
2025-11-20 11:11:16 - GET "/api/tasks?status=completed&sortBy=created", parameters={masked}
2025-11-20 11:11:16 - Mapped to org.example.codebuddypoc.controller.TodoTaskController#getTasks(String, String)
Hibernate: 
    select
        tt1_0.id,
        tt1_0.completed_at,
        tt1_0.created_at,
        tt1_0.deadline,
        tt1_0.description,
        tt1_0.priority,
        tt1_0.status,
        tt1_0.title,
        tt1_0.updated_at 
    from
        todo_tasks tt1_0 
    where
        tt1_0.status=?
2025-11-20 11:11:16 - Using 'application/json', given [application/json, text/plain, */*] and supported [application/json, application/*+json]
2025-11-20 11:11:16 - Writing [[]]
2025-11-20 11:11:16 - Completed 200 OK
2025-11-20 11:11:17 - GET "/api/tasks?sortBy=created", parameters={masked}
2025-11-20 11:11:17 - Mapped to org.example.codebuddypoc.controller.TodoTaskController#getTasks(String, String)
Hibernate: 
    select
        tt1_0.id,
        tt1_0.completed_at,
        tt1_0.created_at,
        tt1_0.deadline,
        tt1_0.description,
        tt1_0.priority,
        tt1_0.status,
        tt1_0.title,
        tt1_0.updated_at 
    from
        todo_tasks tt1_0 
    order by
        tt1_0.created_at desc
2025-11-20 11:11:17 - Using 'application/json', given [application/json, text/plain, */*] and supported [application/json, application/*+json]
2025-11-20 11:11:17 - Writing [[TodoTaskResponse(id=1, title=first, description=第一个任务, status=PENDING, statusDescription=未完成, prior (truncated)...]
2025-11-20 11:11:17 - Completed 200 OK
2025-11-20 11:11:19 - GET "/api/tasks/statistics", parameters={}
2025-11-20 11:11:19 - Mapped to org.example.codebuddypoc.controller.TodoTaskController#getTaskStatistics()
2025-11-20 11:11:19 - GET "/favicon.ico", parameters={}
2025-11-20 11:11:19 - Mapped to ResourceHttpRequestHandler [classpath [META-INF/resources/], classpath [resources/], classpath [static/], classpath [public/], ServletContext [/]]
2025-11-20 11:11:19 - Resource not found
2025-11-20 11:11:19 - Using @ExceptionHandler org.example.codebuddypoc.exception.GlobalExceptionHandler#handleGenericException(Exception)
2025-11-20 11:11:19 - Using 'application/json;q=0.8', given [image/avif, image/webp, image/apng, image/svg+xml, image/*, */*;q=0.8] and supported [application/json, application/*+json]
2025-11-20 11:11:19 - Writing [{error=Internal Server Error, message=服务器内部错误, timestamp=2025-11-20T11:11:19.868922, status=500}]
Hibernate: 
    select
        tt1_0.status,
        count(tt1_0.id) 
    from
        todo_tasks tt1_0 
    group by
        tt1_0.status
2025-11-20 11:11:19 - Resolved [org.springframework.web.servlet.resource.NoResourceFoundException: No static resource favicon.ico.]
2025-11-20 11:11:19 - Completed 500 INTERNAL_SERVER_ERROR
Hibernate: 
    select
        tt1_0.priority,
        count(tt1_0.id) 
    from
        todo_tasks tt1_0 
    group by
        tt1_0.priority
Hibernate: 
    select
        date(tt1_0.created_at),
        count(tt1_0.id) 
    from
        todo_tasks tt1_0 
    where
        tt1_0.created_at>=? 
    group by
        date(tt1_0.created_at) 
    order by
        date(tt1_0.created_at)
2025-11-20 11:11:19 - SQL Error: 90022, SQLState: 90022
2025-11-20 11:11:19 - Function "DATE" not found; SQL statement:
select date(tt1_0.created_at),count(tt1_0.id) from todo_tasks tt1_0 where tt1_0.created_at>=? group by date(tt1_0.created_at) order by date(tt1_0.created_at) [90022-224]
2025-11-20 11:11:19 - Using @ExceptionHandler org.example.codebuddypoc.exception.GlobalExceptionHandler#handleRuntimeException(RuntimeException)
2025-11-20 11:11:19 - Using 'application/json', given [application/json, text/plain, */*] and supported [application/json, application/*+json]
2025-11-20 11:11:19 - Writing [{error=Resource Not Found, message=could not prepare statement [Function "DATE" not found; SQL state (truncated)...]
2025-11-20 11:11:19 - Resolved [org.springframework.dao.InvalidDataAccessResourceUsageException: could not prepare statement [Function "DATE" not found; SQL statement:<EOL>select date(tt1_0.created_at),count(tt1_0.id) from todo_tasks tt1_0 where tt1_0.created_at>=? group by date(tt1_0.created_at) order by date(tt1_0.created_at) [90022-224]] [select date(tt1_0.created_at),count(tt1_0.id) from todo_tasks tt1_0 where tt1_0.created_at>=? group by date(tt1_0.created_at) order by date(tt1_0.created_at)]; SQL [select date(tt1_0.created_at),count(tt1_0.id) from todo_tasks tt1_0 where tt1_0.created_at>=? group by date(tt1_0.created_at) order by date(tt1_0.created_at)]]
2025-11-20 11:11:19 - Completed 404 NOT_FOUND
2025-11-20 11:11:19 - GET "/api/tasks/statistics", parameters={}
2025-11-20 11:11:19 - Mapped to org.example.codebuddypoc.controller.TodoTaskController#getTaskStatistics()
Hibernate: 
    select
        tt1_0.status,
        count(tt1_0.id) 
    from
        todo_tasks tt1_0 
    group by
        tt1_0.status
Hibernate: 
    select
        tt1_0.priority,
        count(tt1_0.id) 
    from
        todo_tasks tt1_0 
    group by
        tt1_0.priority
Hibernate: 
    select
        date(tt1_0.created_at),
        count(tt1_0.id) 
    from
        todo_tasks tt1_0 
    where
        tt1_0.created_at>=? 
    group by
        date(tt1_0.created_at) 
    order by
        date(tt1_0.created_at)
2025-11-20 11:11:19 - SQL Error: 90022, SQLState: 90022
2025-11-20 11:11:19 - Function "DATE" not found; SQL statement:
select date(tt1_0.created_at),count(tt1_0.id) from todo_tasks tt1_0 where tt1_0.created_at>=? group by date(tt1_0.created_at) order by date(tt1_0.created_at) [90022-224]
2025-11-20 11:11:19 - Using @ExceptionHandler org.example.codebuddypoc.exception.GlobalExceptionHandler#handleRuntimeException(RuntimeException)
2025-11-20 11:11:19 - Using 'application/json', given [application/json, text/plain, */*] and supported [application/json, application/*+json]
2025-11-20 11:11:19 - Writing [{error=Resource Not Found, message=could not prepare statement [Function "DATE" not found; SQL state (truncated)...]
2025-11-20 11:11:19 - Resolved [org.springframework.dao.InvalidDataAccessResourceUsageException: could not prepare statement [Function "DATE" not found; SQL statement:<EOL>select date(tt1_0.created_at),count(tt1_0.id) from todo_tasks tt1_0 where tt1_0.created_at>=? group by date(tt1_0.created_at) order by date(tt1_0.created_at) [90022-224]] [select date(tt1_0.created_at),count(tt1_0.id) from todo_tasks tt1_0 where tt1_0.created_at>=? group by date(tt1_0.created_at) order by date(tt1_0.created_at)]; SQL [select date(tt1_0.created_at),count(tt1_0.id) from todo_tasks tt1_0 where tt1_0.created_at>=? group by date(tt1_0.created_at) order by date(tt1_0.created_at)]]
2025-11-20 11:11:19 - Completed 404 NOT_FOUND
2025-11-20 11:11:22 - GET "/favicon.ico", parameters={}
2025-11-20 11:11:22 - GET "/api/tasks?sortBy=created", parameters={masked}
2025-11-20 11:11:22 - Mapped to org.example.codebuddypoc.controller.TodoTaskController#getTasks(String, String)
2025-11-20 11:11:22 - Mapped to ResourceHttpRequestHandler [classpath [META-INF/resources/], classpath [resources/], classpath [static/], classpath [public/], ServletContext [/]]
Hibernate: 
    select
        tt1_0.id,
        tt1_0.completed_at,
        tt1_0.created_at,
        tt1_0.deadline,
        tt1_0.description,
        tt1_0.priority,
        tt1_0.status,
        tt1_0.title,
        tt1_0.updated_at 
    from
        todo_tasks tt1_0 
    order by
        tt1_0.created_at desc
2025-11-20 11:11:22 - Resource not found
2025-11-20 11:11:22 - Using @ExceptionHandler org.example.codebuddypoc.exception.GlobalExceptionHandler#handleGenericException(Exception)
2025-11-20 11:11:22 - Using 'application/json', given [application/json, text/plain, */*] and supported [application/json, application/*+json]
2025-11-20 11:11:22 - Writing [[TodoTaskResponse(id=1, title=first, description=第一个任务, status=PENDING, statusDescription=未完成, prior (truncated)...]
2025-11-20 11:11:22 - Using 'application/json;q=0.8', given [image/avif, image/webp, image/apng, image/svg+xml, image/*, */*;q=0.8] and supported [application/json, application/*+json]
2025-11-20 11:11:22 - Writing [{error=Internal Server Error, message=服务器内部错误, timestamp=2025-11-20T11:11:22.761522, status=500}]
2025-11-20 11:11:22 - Completed 200 OK
2025-11-20 11:11:22 - Resolved [org.springframework.web.servlet.resource.NoResourceFoundException: No static resource favicon.ico.]
2025-11-20 11:11:22 - Completed 500 INTERNAL_SERVER_ERROR
2025-11-20 11:11:22 - GET "/api/tasks?sortBy=created", parameters={masked}
2025-11-20 11:11:22 - Mapped to org.example.codebuddypoc.controller.TodoTaskController#getTasks(String, String)
Hibernate: 
    select
        tt1_0.id,
        tt1_0.completed_at,
        tt1_0.created_at,
        tt1_0.deadline,
        tt1_0.description,
        tt1_0.priority,
        tt1_0.status,
        tt1_0.title,
        tt1_0.updated_at 
    from
        todo_tasks tt1_0 
    order by
        tt1_0.created_at desc
2025-11-20 11:11:22 - Using 'application/json', given [application/json, text/plain, */*] and supported [application/json, application/*+json]
2025-11-20 11:11:22 - Writing [[TodoTaskResponse(id=1, title=first, description=第一个任务, status=PENDING, statusDescription=未完成, prior (truncated)...]
2025-11-20 11:11:22 - Completed 200 OK
2025-11-20 11:11:24 - GET "/favicon.ico", parameters={}
2025-11-20 11:11:24 - GET "/api/tasks/statistics", parameters={}
2025-11-20 11:11:24 - Mapped to org.example.codebuddypoc.controller.TodoTaskController#getTaskStatistics()
2025-11-20 11:11:24 - Mapped to ResourceHttpRequestHandler [classpath [META-INF/resources/], classpath [resources/], classpath [static/], classpath [public/], ServletContext [/]]
Hibernate: 
    select
        tt1_0.status,
        count(tt1_0.id) 
    from
        todo_tasks tt1_0 
    group by
        tt1_0.status
2025-11-20 11:11:24 - Resource not found
2025-11-20 11:11:24 - Using @ExceptionHandler org.example.codebuddypoc.exception.GlobalExceptionHandler#handleGenericException(Exception)
Hibernate: 
    select
        tt1_0.priority,
        count(tt1_0.id) 
    from
        todo_tasks tt1_0 
    group by
        tt1_0.priority
2025-11-20 11:11:24 - Using 'application/json;q=0.8', given [image/avif, image/webp, image/apng, image/svg+xml, image/*, */*;q=0.8] and supported [application/json, application/*+json]
2025-11-20 11:11:24 - Writing [{error=Internal Server Error, message=服务器内部错误, timestamp=2025-11-20T11:11:24.832484, status=500}]
2025-11-20 11:11:24 - Resolved [org.springframework.web.servlet.resource.NoResourceFoundException: No static resource favicon.ico.]
Hibernate: 
    select
        date(tt1_0.created_at),
        count(tt1_0.id) 
    from
        todo_tasks tt1_0 
    where
        tt1_0.created_at>=? 
    group by
        date(tt1_0.created_at) 
    order by
        date(tt1_0.created_at)
2025-11-20 11:11:24 - Completed 500 INTERNAL_SERVER_ERROR
2025-11-20 11:11:24 - SQL Error: 90022, SQLState: 90022
2025-11-20 11:11:24 - Function "DATE" not found; SQL statement:
select date(tt1_0.created_at),count(tt1_0.id) from todo_tasks tt1_0 where tt1_0.created_at>=? group by date(tt1_0.created_at) order by date(tt1_0.created_at) [90022-224]
2025-11-20 11:11:24 - Using @ExceptionHandler org.example.codebuddypoc.exception.GlobalExceptionHandler#handleRuntimeException(RuntimeException)
2025-11-20 11:11:24 - Using 'application/json', given [application/json, text/plain, */*] and supported [application/json, application/*+json]
2025-11-20 11:11:24 - Writing [{error=Resource Not Found, message=could not prepare statement [Function "DATE" not found; SQL state (truncated)...]
2025-11-20 11:11:24 - Resolved [org.springframework.dao.InvalidDataAccessResourceUsageException: could not prepare statement [Function "DATE" not found; SQL statement:<EOL>select date(tt1_0.created_at),count(tt1_0.id) from todo_tasks tt1_0 where tt1_0.created_at>=? group by date(tt1_0.created_at) order by date(tt1_0.created_at) [90022-224]] [select date(tt1_0.created_at),count(tt1_0.id) from todo_tasks tt1_0 where tt1_0.created_at>=? group by date(tt1_0.created_at) order by date(tt1_0.created_at)]; SQL [select date(tt1_0.created_at),count(tt1_0.id) from todo_tasks tt1_0 where tt1_0.created_at>=? group by date(tt1_0.created_at) order by date(tt1_0.created_at)]]
2025-11-20 11:11:24 - Completed 404 NOT_FOUND
2025-11-20 11:11:24 - GET "/api/tasks/statistics", parameters={}
2025-11-20 11:11:24 - Mapped to org.example.codebuddypoc.controller.TodoTaskController#getTaskStatistics()
Hibernate: 
    select
        tt1_0.status,
        count(tt1_0.id) 
    from
        todo_tasks tt1_0 
    group by
        tt1_0.status
Hibernate: 
    select
        tt1_0.priority,
        count(tt1_0.id) 
    from
        todo_tasks tt1_0 
    group by
        tt1_0.priority
Hibernate: 
    select
        date(tt1_0.created_at),
        count(tt1_0.id) 
    from
        todo_tasks tt1_0 
    where
        tt1_0.created_at>=? 
    group by
        date(tt1_0.created_at) 
    order by
        date(tt1_0.created_at)
2025-11-20 11:11:24 - SQL Error: 90022, SQLState: 90022
2025-11-20 11:11:24 - Function "DATE" not found; SQL statement:
select date(tt1_0.created_at),count(tt1_0.id) from todo_tasks tt1_0 where tt1_0.created_at>=? group by date(tt1_0.created_at) order by date(tt1_0.created_at) [90022-224]
2025-11-20 11:11:24 - Using @ExceptionHandler org.example.codebuddypoc.exception.GlobalExceptionHandler#handleRuntimeException(RuntimeException)
2025-11-20 11:11:24 - Using 'application/json', given [application/json, text/plain, */*] and supported [application/json, application/*+json]
2025-11-20 11:11:24 - Writing [{error=Resource Not Found, message=could not prepare statement [Function "DATE" not found; SQL state (truncated)...]
2025-11-20 11:11:24 - Resolved [org.springframework.dao.InvalidDataAccessResourceUsageException: could not prepare statement [Function "DATE" not found; SQL statement:<EOL>select date(tt1_0.created_at),count(tt1_0.id) from todo_tasks tt1_0 where tt1_0.created_at>=? group by date(tt1_0.created_at) order by date(tt1_0.created_at) [90022-224]] [select date(tt1_0.created_at),count(tt1_0.id) from todo_tasks tt1_0 where tt1_0.created_at>=? group by date(tt1_0.created_at) order by date(tt1_0.created_at)]; SQL [select date(tt1_0.created_at),count(tt1_0.id) from todo_tasks tt1_0 where tt1_0.created_at>=? group by date(tt1_0.created_at) order by date(tt1_0.created_at)]]
2025-11-20 11:11:24 - Completed 404 NOT_FOUND
2025-11-20 11:11:25 - GET "/api/tasks?sortBy=created", parameters={masked}
2025-11-20 11:11:25 - Mapped to org.example.codebuddypoc.controller.TodoTaskController#getTasks(String, String)
Hibernate: 
    select
        tt1_0.id,
        tt1_0.completed_at,
        tt1_0.created_at,
        tt1_0.deadline,
        tt1_0.description,
        tt1_0.priority,
        tt1_0.status,
        tt1_0.title,
        tt1_0.updated_at 
    from
        todo_tasks tt1_0 
    order by
        tt1_0.created_at desc
2025-11-20 11:11:25 - GET "/favicon.ico", parameters={}
2025-11-20 11:11:25 - Mapped to ResourceHttpRequestHandler [classpath [META-INF/resources/], classpath [resources/], classpath [static/], classpath [public/], ServletContext [/]]
2025-11-20 11:11:25 - Using 'application/json', given [application/json, text/plain, */*] and supported [application/json, application/*+json]
2025-11-20 11:11:25 - Writing [[TodoTaskResponse(id=1, title=first, description=第一个任务, status=PENDING, statusDescription=未完成, prior (truncated)...]
2025-11-20 11:11:25 - Completed 200 OK
2025-11-20 11:11:25 - Resource not found
2025-11-20 11:11:25 - Using @ExceptionHandler org.example.codebuddypoc.exception.GlobalExceptionHandler#handleGenericException(Exception)
2025-11-20 11:11:25 - Using 'application/json;q=0.8', given [image/avif, image/webp, image/apng, image/svg+xml, image/*, */*;q=0.8] and supported [application/json, application/*+json]
2025-11-20 11:11:25 - Writing [{error=Internal Server Error, message=服务器内部错误, timestamp=2025-11-20T11:11:25.832221, status=500}]
2025-11-20 11:11:25 - Resolved [org.springframework.web.servlet.resource.NoResourceFoundException: No static resource favicon.ico.]
2025-11-20 11:11:25 - Completed 500 INTERNAL_SERVER_ERROR
2025-11-20 11:11:25 - GET "/api/tasks?sortBy=created", parameters={masked}
2025-11-20 11:11:25 - Mapped to org.example.codebuddypoc.controller.TodoTaskController#getTasks(String, String)
Hibernate: 
    select
        tt1_0.id,
        tt1_0.completed_at,
        tt1_0.created_at,
        tt1_0.deadline,
        tt1_0.description,
        tt1_0.priority,
        tt1_0.status,
        tt1_0.title,
        tt1_0.updated_at 
    from
        todo_tasks tt1_0 
    order by
        tt1_0.created_at desc
2025-11-20 11:11:25 - Using 'application/json', given [application/json, text/plain, */*] and supported [application/json, application/*+json]
2025-11-20 11:11:25 - Writing [[TodoTaskResponse(id=1, title=first, description=第一个任务, status=PENDING, statusDescription=未完成, prior (truncated)...]
2025-11-20 11:11:25 - Completed 200 OK
2025-11-20 11:12:00 - 开始检查任务提醒...
Hibernate: 
    select
        tt1_0.id,
        tt1_0.completed_at,
        tt1_0.created_at,
        tt1_0.deadline,
        tt1_0.description,
        tt1_0.priority,
        tt1_0.status,
        tt1_0.title,
        tt1_0.updated_at 
    from
        todo_tasks tt1_0 
    where
        tt1_0.deadline between ? and ? 
        and tt1_0.status='PENDING'
Hibernate: 
    select
        tt1_0.id,
        tt1_0.completed_at,
        tt1_0.created_at,
        tt1_0.deadline,
        tt1_0.description,
        tt1_0.priority,
        tt1_0.status,
        tt1_0.title,
        tt1_0.updated_at 
    from
        todo_tasks tt1_0 
    where
        tt1_0.deadline<? 
        and tt1_0.status='PENDING'
2025-11-20 11:12:00 - 任务提醒检查完成，共检查到 0 个需要提醒的任务
2025-11-20 11:12:11 - GET "/favicon.ico", parameters={}
2025-11-20 11:12:11 - Mapped to ResourceHttpRequestHandler [classpath [META-INF/resources/], classpath [resources/], classpath [static/], classpath [public/], ServletContext [/]]
2025-11-20 11:12:11 - Resource not found
2025-11-20 11:12:11 - Using @ExceptionHandler org.example.codebuddypoc.exception.GlobalExceptionHandler#handleGenericException(Exception)
2025-11-20 11:12:11 - Using 'application/json;q=0.8', given [image/avif, image/webp, image/apng, image/svg+xml, image/*, */*;q=0.8] and supported [application/json, application/*+json]
2025-11-20 11:12:11 - Writing [{error=Internal Server Error, message=服务器内部错误, timestamp=2025-11-20T11:12:11.978720, status=500}]
2025-11-20 11:12:11 - Resolved [org.springframework.web.servlet.resource.NoResourceFoundException: No static resource favicon.ico.]
2025-11-20 11:12:11 - Completed 500 INTERNAL_SERVER_ERROR
2025-11-20 11:12:31 - POST "/api/tasks", parameters={}
2025-11-20 11:12:31 - Mapped to org.example.codebuddypoc.controller.TodoTaskController#createTask(TodoTaskCreateRequest)
2025-11-20 11:12:31 - Read "application/json;charset=UTF-8" to [TodoTaskCreateRequest(title=second, description=第二个任务, priority=MEDIUM, deadline=2025-11-21T12:00)]
Hibernate: 
    insert 
    into
        todo_tasks
        (completed_at, created_at, deadline, description, priority, status, title, updated_at, id) 
    values
        (?, ?, ?, ?, ?, ?, ?, ?, default)
2025-11-20 11:12:31 - Using 'application/json', given [application/json, text/plain, */*] and supported [application/json, application/*+json]
2025-11-20 11:12:31 - Writing [TodoTaskResponse(id=2, title=second, description=第二个任务, status=PENDING, statusDescription=未完成, prior (truncated)...]
2025-11-20 11:12:31 - Completed 200 OK
2025-11-20 11:12:31 - GET "/api/tasks?sortBy=created", parameters={masked}
2025-11-20 11:12:31 - GET "/favicon.ico", parameters={}
2025-11-20 11:12:31 - Mapped to org.example.codebuddypoc.controller.TodoTaskController#getTasks(String, String)
2025-11-20 11:12:31 - Mapped to ResourceHttpRequestHandler [classpath [META-INF/resources/], classpath [resources/], classpath [static/], classpath [public/], ServletContext [/]]
2025-11-20 11:12:31 - Resource not found
2025-11-20 11:12:31 - Using @ExceptionHandler org.example.codebuddypoc.exception.GlobalExceptionHandler#handleGenericException(Exception)
Hibernate: 
    select
        tt1_0.id,
        tt1_0.completed_at,
        tt1_0.created_at,
        tt1_0.deadline,
        tt1_0.description,
        tt1_0.priority,
        tt1_0.status,
        tt1_0.title,
        tt1_0.updated_at 
    from
        todo_tasks tt1_0 
    order by
        tt1_0.created_at desc
2025-11-20 11:12:31 - Using 'application/json;q=0.8', given [image/avif, image/webp, image/apng, image/svg+xml, image/*, */*;q=0.8] and supported [application/json, application/*+json]
2025-11-20 11:12:31 - Writing [{error=Internal Server Error, message=服务器内部错误, timestamp=2025-11-20T11:12:31.922094, status=500}]
2025-11-20 11:12:31 - Resolved [org.springframework.web.servlet.resource.NoResourceFoundException: No static resource favicon.ico.]
2025-11-20 11:12:31 - Completed 500 INTERNAL_SERVER_ERROR
2025-11-20 11:12:31 - Using 'application/json', given [application/json, text/plain, */*] and supported [application/json, application/*+json]
2025-11-20 11:12:31 - Writing [[TodoTaskResponse(id=2, title=second, description=第二个任务, status=PENDING, statusDescription=未完成, prio (truncated)...]
2025-11-20 11:12:31 - Completed 200 OK
2025-11-20 11:12:31 - GET "/api/tasks?sortBy=created", parameters={masked}
2025-11-20 11:12:31 - Mapped to org.example.codebuddypoc.controller.TodoTaskController#getTasks(String, String)
Hibernate: 
    select
        tt1_0.id,
        tt1_0.completed_at,
        tt1_0.created_at,
        tt1_0.deadline,
        tt1_0.description,
        tt1_0.priority,
        tt1_0.status,
        tt1_0.title,
        tt1_0.updated_at 
    from
        todo_tasks tt1_0 
    order by
        tt1_0.created_at desc
2025-11-20 11:12:31 - Using 'application/json', given [application/json, text/plain, */*] and supported [application/json, application/*+json]
2025-11-20 11:12:31 - Writing [[TodoTaskResponse(id=2, title=second, description=第二个任务, status=PENDING, statusDescription=未完成, prio (truncated)...]
2025-11-20 11:12:31 - Completed 200 OK
2025-11-20 11:12:35 - GET "/api/tasks?sortBy=priority", parameters={masked}
2025-11-20 11:12:35 - Mapped to org.example.codebuddypoc.controller.TodoTaskController#getTasks(String, String)
Hibernate: 
    select
        tt1_0.id,
        tt1_0.completed_at,
        tt1_0.created_at,
        tt1_0.deadline,
        tt1_0.description,
        tt1_0.priority,
        tt1_0.status,
        tt1_0.title,
        tt1_0.updated_at 
    from
        todo_tasks tt1_0 
    order by
        case tt1_0.priority 
            when 'HIGH' 
                then 1 
            when 'MEDIUM' 
                then 2 
            when 'LOW' 
                then 3 
            end,
            tt1_0.created_at desc
2025-11-20 11:12:35 - Using 'application/json', given [application/json, text/plain, */*] and supported [application/json, application/*+json]
2025-11-20 11:12:35 - Writing [[TodoTaskResponse(id=1, title=first, description=第一个任务, status=PENDING, statusDescription=未完成, prior (truncated)...]
2025-11-20 11:12:35 - Completed 200 OK
2025-11-20 11:12:40 - GET "/api/tasks/statistics", parameters={}
2025-11-20 11:12:40 - GET "/favicon.ico", parameters={}
2025-11-20 11:12:40 - Mapped to org.example.codebuddypoc.controller.TodoTaskController#getTaskStatistics()
2025-11-20 11:12:40 - Mapped to ResourceHttpRequestHandler [classpath [META-INF/resources/], classpath [resources/], classpath [static/], classpath [public/], ServletContext [/]]
2025-11-20 11:12:40 - Resource not found
Hibernate: 
    select
        tt1_0.status,
        count(tt1_0.id) 
    from
        todo_tasks tt1_0 
    group by
        tt1_0.status
2025-11-20 11:12:40 - Using @ExceptionHandler org.example.codebuddypoc.exception.GlobalExceptionHandler#handleGenericException(Exception)
2025-11-20 11:12:40 - Using 'application/json;q=0.8', given [image/avif, image/webp, image/apng, image/svg+xml, image/*, */*;q=0.8] and supported [application/json, application/*+json]
2025-11-20 11:12:40 - Writing [{error=Internal Server Error, message=服务器内部错误, timestamp=2025-11-20T11:12:40.064245, status=500}]
2025-11-20 11:12:40 - Resolved [org.springframework.web.servlet.resource.NoResourceFoundException: No static resource favicon.ico.]
2025-11-20 11:12:40 - Completed 500 INTERNAL_SERVER_ERROR
Hibernate: 
    select
        tt1_0.priority,
        count(tt1_0.id) 
    from
        todo_tasks tt1_0 
    group by
        tt1_0.priority
Hibernate: 
    select
        date(tt1_0.created_at),
        count(tt1_0.id) 
    from
        todo_tasks tt1_0 
    where
        tt1_0.created_at>=? 
    group by
        date(tt1_0.created_at) 
    order by
        date(tt1_0.created_at)
2025-11-20 11:12:40 - SQL Error: 90022, SQLState: 90022
2025-11-20 11:12:40 - Function "DATE" not found; SQL statement:
select date(tt1_0.created_at),count(tt1_0.id) from todo_tasks tt1_0 where tt1_0.created_at>=? group by date(tt1_0.created_at) order by date(tt1_0.created_at) [90022-224]
2025-11-20 11:12:40 - Using @ExceptionHandler org.example.codebuddypoc.exception.GlobalExceptionHandler#handleRuntimeException(RuntimeException)
2025-11-20 11:12:40 - Using 'application/json', given [application/json, text/plain, */*] and supported [application/json, application/*+json]
2025-11-20 11:12:40 - Writing [{error=Resource Not Found, message=could not prepare statement [Function "DATE" not found; SQL state (truncated)...]
2025-11-20 11:12:40 - Resolved [org.springframework.dao.InvalidDataAccessResourceUsageException: could not prepare statement [Function "DATE" not found; SQL statement:<EOL>select date(tt1_0.created_at),count(tt1_0.id) from todo_tasks tt1_0 where tt1_0.created_at>=? group by date(tt1_0.created_at) order by date(tt1_0.created_at) [90022-224]] [select date(tt1_0.created_at),count(tt1_0.id) from todo_tasks tt1_0 where tt1_0.created_at>=? group by date(tt1_0.created_at) order by date(tt1_0.created_at)]; SQL [select date(tt1_0.created_at),count(tt1_0.id) from todo_tasks tt1_0 where tt1_0.created_at>=? group by date(tt1_0.created_at) order by date(tt1_0.created_at)]]
2025-11-20 11:12:40 - Completed 404 NOT_FOUND
2025-11-20 11:12:40 - GET "/api/tasks/statistics", parameters={}
2025-11-20 11:12:40 - Mapped to org.example.codebuddypoc.controller.TodoTaskController#getTaskStatistics()
Hibernate: 
    select
        tt1_0.status,
        count(tt1_0.id) 
    from
        todo_tasks tt1_0 
    group by
        tt1_0.status
Hibernate: 
    select
        tt1_0.priority,
        count(tt1_0.id) 
    from
        todo_tasks tt1_0 
    group by
        tt1_0.priority
Hibernate: 
    select
        date(tt1_0.created_at),
        count(tt1_0.id) 
    from
        todo_tasks tt1_0 
    where
        tt1_0.created_at>=? 
    group by
        date(tt1_0.created_at) 
    order by
        date(tt1_0.created_at)
2025-11-20 11:12:40 - SQL Error: 90022, SQLState: 90022
2025-11-20 11:12:40 - Function "DATE" not found; SQL statement:
select date(tt1_0.created_at),count(tt1_0.id) from todo_tasks tt1_0 where tt1_0.created_at>=? group by date(tt1_0.created_at) order by date(tt1_0.created_at) [90022-224]
2025-11-20 11:12:40 - Using @ExceptionHandler org.example.codebuddypoc.exception.GlobalExceptionHandler#handleRuntimeException(RuntimeException)
2025-11-20 11:12:40 - Using 'application/json', given [application/json, text/plain, */*] and supported [application/json, application/*+json]
2025-11-20 11:12:40 - Writing [{error=Resource Not Found, message=could not prepare statement [Function "DATE" not found; SQL state (truncated)...]
2025-11-20 11:12:40 - Resolved [org.springframework.dao.InvalidDataAccessResourceUsageException: could not prepare statement [Function "DATE" not found; SQL statement:<EOL>select date(tt1_0.created_at),count(tt1_0.id) from todo_tasks tt1_0 where tt1_0.created_at>=? group by date(tt1_0.created_at) order by date(tt1_0.created_at) [90022-224]] [select date(tt1_0.created_at),count(tt1_0.id) from todo_tasks tt1_0 where tt1_0.created_at>=? group by date(tt1_0.created_at) order by date(tt1_0.created_at)]; SQL [select date(tt1_0.created_at),count(tt1_0.id) from todo_tasks tt1_0 where tt1_0.created_at>=? group by date(tt1_0.created_at) order by date(tt1_0.created_at)]]
2025-11-20 11:12:40 - Completed 404 NOT_FOUND
2025-11-20 11:12:42 - GET "/api/tasks?sortBy=created", parameters={masked}
2025-11-20 11:12:42 - Mapped to org.example.codebuddypoc.controller.TodoTaskController#getTasks(String, String)
2025-11-20 11:12:42 - GET "/favicon.ico", parameters={}
Hibernate: 
    select
        tt1_0.id,
        tt1_0.completed_at,
        tt1_0.created_at,
        tt1_0.deadline,
        tt1_0.description,
        tt1_0.priority,
        tt1_0.status,
        tt1_0.title,
        tt1_0.updated_at 
    from
        todo_tasks tt1_0 
    order by
        tt1_0.created_at desc
2025-11-20 11:12:42 - Mapped to ResourceHttpRequestHandler [classpath [META-INF/resources/], classpath [resources/], classpath [static/], classpath [public/], ServletContext [/]]
2025-11-20 11:12:42 - Using 'application/json', given [application/json, text/plain, */*] and supported [application/json, application/*+json]
2025-11-20 11:12:42 - Resource not found
2025-11-20 11:12:42 - Using @ExceptionHandler org.example.codebuddypoc.exception.GlobalExceptionHandler#handleGenericException(Exception)
2025-11-20 11:12:42 - Writing [[TodoTaskResponse(id=2, title=second, description=第二个任务, status=PENDING, statusDescription=未完成, prio (truncated)...]
2025-11-20 11:12:42 - Using 'application/json;q=0.8', given [image/avif, image/webp, image/apng, image/svg+xml, image/*, */*;q=0.8] and supported [application/json, application/*+json]
2025-11-20 11:12:42 - Writing [{error=Internal Server Error, message=服务器内部错误, timestamp=2025-11-20T11:12:42.867504, status=500}]
2025-11-20 11:12:42 - Resolved [org.springframework.web.servlet.resource.NoResourceFoundException: No static resource favicon.ico.]
2025-11-20 11:12:42 - Completed 500 INTERNAL_SERVER_ERROR
2025-11-20 11:12:42 - Completed 200 OK
2025-11-20 11:12:42 - GET "/api/tasks?sortBy=created", parameters={masked}
2025-11-20 11:12:42 - Mapped to org.example.codebuddypoc.controller.TodoTaskController#getTasks(String, String)
Hibernate: 
    select
        tt1_0.id,
        tt1_0.completed_at,
        tt1_0.created_at,
        tt1_0.deadline,
        tt1_0.description,
        tt1_0.priority,
        tt1_0.status,
        tt1_0.title,
        tt1_0.updated_at 
    from
        todo_tasks tt1_0 
    order by
        tt1_0.created_at desc
2025-11-20 11:12:42 - Using 'application/json', given [application/json, text/plain, */*] and supported [application/json, application/*+json]
2025-11-20 11:12:42 - Writing [[TodoTaskResponse(id=2, title=second, description=第二个任务, status=PENDING, statusDescription=未完成, prio (truncated)...]
2025-11-20 11:12:42 - Completed 200 OK
2025-11-20 11:12:43 - GET "/favicon.ico", parameters={}
2025-11-20 11:12:43 - Mapped to ResourceHttpRequestHandler [classpath [META-INF/resources/], classpath [resources/], classpath [static/], classpath [public/], ServletContext [/]]
2025-11-20 11:12:43 - Resource not found
2025-11-20 11:12:43 - Using @ExceptionHandler org.example.codebuddypoc.exception.GlobalExceptionHandler#handleGenericException(Exception)
2025-11-20 11:12:43 - Using 'application/json;q=0.8', given [image/avif, image/webp, image/apng, image/svg+xml, image/*, */*;q=0.8] and supported [application/json, application/*+json]
2025-11-20 11:12:43 - Writing [{error=Internal Server Error, message=服务器内部错误, timestamp=2025-11-20T11:12:43.775370, status=500}]
2025-11-20 11:12:43 - Resolved [org.springframework.web.servlet.resource.NoResourceFoundException: No static resource favicon.ico.]
2025-11-20 11:12:43 - Completed 500 INTERNAL_SERVER_ERROR
2025-11-20 11:12:44 - GET "/api/tasks?sortBy=created", parameters={masked}
2025-11-20 11:12:44 - Mapped to org.example.codebuddypoc.controller.TodoTaskController#getTasks(String, String)
Hibernate: 
    select
        tt1_0.id,
        tt1_0.completed_at,
        tt1_0.created_at,
        tt1_0.deadline,
        tt1_0.description,
        tt1_0.priority,
        tt1_0.status,
        tt1_0.title,
        tt1_0.updated_at 
    from
        todo_tasks tt1_0 
    order by
        tt1_0.created_at desc
2025-11-20 11:12:44 - GET "/favicon.ico", parameters={}
2025-11-20 11:12:44 - Using 'application/json', given [application/json, text/plain, */*] and supported [application/json, application/*+json]
2025-11-20 11:12:44 - Writing [[TodoTaskResponse(id=2, title=second, description=第二个任务, status=PENDING, statusDescription=未完成, prio (truncated)...]
2025-11-20 11:12:44 - Mapped to ResourceHttpRequestHandler [classpath [META-INF/resources/], classpath [resources/], classpath [static/], classpath [public/], ServletContext [/]]
2025-11-20 11:12:44 - Completed 200 OK
2025-11-20 11:12:44 - Resource not found
2025-11-20 11:12:44 - Using @ExceptionHandler org.example.codebuddypoc.exception.GlobalExceptionHandler#handleGenericException(Exception)
2025-11-20 11:12:44 - Using 'application/json;q=0.8', given [image/avif, image/webp, image/apng, image/svg+xml, image/*, */*;q=0.8] and supported [application/json, application/*+json]
2025-11-20 11:12:44 - Writing [{error=Internal Server Error, message=服务器内部错误, timestamp=2025-11-20T11:12:44.733033, status=500}]
2025-11-20 11:12:44 - Resolved [org.springframework.web.servlet.resource.NoResourceFoundException: No static resource favicon.ico.]
2025-11-20 11:12:44 - Completed 500 INTERNAL_SERVER_ERROR
2025-11-20 11:12:44 - GET "/api/tasks?sortBy=created", parameters={masked}
2025-11-20 11:12:44 - Mapped to org.example.codebuddypoc.controller.TodoTaskController#getTasks(String, String)
Hibernate: 
    select
        tt1_0.id,
        tt1_0.completed_at,
        tt1_0.created_at,
        tt1_0.deadline,
        tt1_0.description,
        tt1_0.priority,
        tt1_0.status,
        tt1_0.title,
        tt1_0.updated_at 
    from
        todo_tasks tt1_0 
    order by
        tt1_0.created_at desc
2025-11-20 11:12:44 - Using 'application/json', given [application/json, text/plain, */*] and supported [application/json, application/*+json]
2025-11-20 11:12:44 - Writing [[TodoTaskResponse(id=2, title=second, description=第二个任务, status=PENDING, statusDescription=未完成, prio (truncated)...]
2025-11-20 11:12:44 - Completed 200 OK
2025-11-20 11:13:00 - 开始检查任务提醒...
Hibernate: 
    select
        tt1_0.id,
        tt1_0.completed_at,
        tt1_0.created_at,
        tt1_0.deadline,
        tt1_0.description,
        tt1_0.priority,
        tt1_0.status,
        tt1_0.title,
        tt1_0.updated_at 
    from
        todo_tasks tt1_0 
    where
        tt1_0.deadline between ? and ? 
        and tt1_0.status='PENDING'
Hibernate: 
    select
        tt1_0.id,
        tt1_0.completed_at,
        tt1_0.created_at,
        tt1_0.deadline,
        tt1_0.description,
        tt1_0.priority,
        tt1_0.status,
        tt1_0.title,
        tt1_0.updated_at 
    from
        todo_tasks tt1_0 
    where
        tt1_0.deadline<? 
        and tt1_0.status='PENDING'
2025-11-20 11:13:00 - 任务提醒检查完成，共检查到 0 个需要提醒的任务
2025-11-20 11:13:05 - GET "/favicon.ico", parameters={}
2025-11-20 11:13:05 - GET "/api/tasks/statistics", parameters={}
2025-11-20 11:13:05 - Mapped to org.example.codebuddypoc.controller.TodoTaskController#getTaskStatistics()
2025-11-20 11:13:05 - Mapped to ResourceHttpRequestHandler [classpath [META-INF/resources/], classpath [resources/], classpath [static/], classpath [public/], ServletContext [/]]
2025-11-20 11:13:05 - Resource not found
2025-11-20 11:13:05 - Using @ExceptionHandler org.example.codebuddypoc.exception.GlobalExceptionHandler#handleGenericException(Exception)
Hibernate: 
    select
        tt1_0.status,
        count(tt1_0.id) 
    from
        todo_tasks tt1_0 
    group by
        tt1_0.status
2025-11-20 11:13:05 - Using 'application/json;q=0.8', given [image/avif, image/webp, image/apng, image/svg+xml, image/*, */*;q=0.8] and supported [application/json, application/*+json]
2025-11-20 11:13:05 - Writing [{error=Internal Server Error, message=服务器内部错误, timestamp=2025-11-20T11:13:05.703564, status=500}]
2025-11-20 11:13:05 - Resolved [org.springframework.web.servlet.resource.NoResourceFoundException: No static resource favicon.ico.]
2025-11-20 11:13:05 - Completed 500 INTERNAL_SERVER_ERROR
Hibernate: 
    select
        tt1_0.priority,
        count(tt1_0.id) 
    from
        todo_tasks tt1_0 
    group by
        tt1_0.priority
Hibernate: 
    select
        date(tt1_0.created_at),
        count(tt1_0.id) 
    from
        todo_tasks tt1_0 
    where
        tt1_0.created_at>=? 
    group by
        date(tt1_0.created_at) 
    order by
        date(tt1_0.created_at)
2025-11-20 11:13:05 - SQL Error: 90022, SQLState: 90022
2025-11-20 11:13:05 - Function "DATE" not found; SQL statement:
select date(tt1_0.created_at),count(tt1_0.id) from todo_tasks tt1_0 where tt1_0.created_at>=? group by date(tt1_0.created_at) order by date(tt1_0.created_at) [90022-224]
2025-11-20 11:13:05 - Using @ExceptionHandler org.example.codebuddypoc.exception.GlobalExceptionHandler#handleRuntimeException(RuntimeException)
2025-11-20 11:13:05 - Using 'application/json', given [application/json, text/plain, */*] and supported [application/json, application/*+json]
2025-11-20 11:13:05 - Writing [{error=Resource Not Found, message=could not prepare statement [Function "DATE" not found; SQL state (truncated)...]
2025-11-20 11:13:05 - Resolved [org.springframework.dao.InvalidDataAccessResourceUsageException: could not prepare statement [Function "DATE" not found; SQL statement:<EOL>select date(tt1_0.created_at),count(tt1_0.id) from todo_tasks tt1_0 where tt1_0.created_at>=? group by date(tt1_0.created_at) order by date(tt1_0.created_at) [90022-224]] [select date(tt1_0.created_at),count(tt1_0.id) from todo_tasks tt1_0 where tt1_0.created_at>=? group by date(tt1_0.created_at) order by date(tt1_0.created_at)]; SQL [select date(tt1_0.created_at),count(tt1_0.id) from todo_tasks tt1_0 where tt1_0.created_at>=? group by date(tt1_0.created_at) order by date(tt1_0.created_at)]]
2025-11-20 11:13:05 - Completed 404 NOT_FOUND
2025-11-20 11:13:05 - GET "/api/tasks/statistics", parameters={}
2025-11-20 11:13:05 - Mapped to org.example.codebuddypoc.controller.TodoTaskController#getTaskStatistics()
Hibernate: 
    select
        tt1_0.status,
        count(tt1_0.id) 
    from
        todo_tasks tt1_0 
    group by
        tt1_0.status
Hibernate: 
    select
        tt1_0.priority,
        count(tt1_0.id) 
    from
        todo_tasks tt1_0 
    group by
        tt1_0.priority
Hibernate: 
    select
        date(tt1_0.created_at),
        count(tt1_0.id) 
    from
        todo_tasks tt1_0 
    where
        tt1_0.created_at>=? 
    group by
        date(tt1_0.created_at) 
    order by
        date(tt1_0.created_at)
2025-11-20 11:13:05 - SQL Error: 90022, SQLState: 90022
2025-11-20 11:13:05 - Function "DATE" not found; SQL statement:
select date(tt1_0.created_at),count(tt1_0.id) from todo_tasks tt1_0 where tt1_0.created_at>=? group by date(tt1_0.created_at) order by date(tt1_0.created_at) [90022-224]
2025-11-20 11:13:05 - Using @ExceptionHandler org.example.codebuddypoc.exception.GlobalExceptionHandler#handleRuntimeException(RuntimeException)
2025-11-20 11:13:05 - Using 'application/json', given [application/json, text/plain, */*] and supported [application/json, application/*+json]
2025-11-20 11:13:05 - Writing [{error=Resource Not Found, message=could not prepare statement [Function "DATE" not found; SQL state (truncated)...]
2025-11-20 11:13:05 - Resolved [org.springframework.dao.InvalidDataAccessResourceUsageException: could not prepare statement [Function "DATE" not found; SQL statement:<EOL>select date(tt1_0.created_at),count(tt1_0.id) from todo_tasks tt1_0 where tt1_0.created_at>=? group by date(tt1_0.created_at) order by date(tt1_0.created_at) [90022-224]] [select date(tt1_0.created_at),count(tt1_0.id) from todo_tasks tt1_0 where tt1_0.created_at>=? group by date(tt1_0.created_at) order by date(tt1_0.created_at)]; SQL [select date(tt1_0.created_at),count(tt1_0.id) from todo_tasks tt1_0 where tt1_0.created_at>=? group by date(tt1_0.created_at) order by date(tt1_0.created_at)]]
2025-11-20 11:13:05 - Completed 404 NOT_FOUND
2025-11-20 11:13:06 - GET "/api/tasks?sortBy=created", parameters={masked}
2025-11-20 11:13:06 - GET "/favicon.ico", parameters={}
2025-11-20 11:13:06 - Mapped to org.example.codebuddypoc.controller.TodoTaskController#getTasks(String, String)
2025-11-20 11:13:06 - Mapped to ResourceHttpRequestHandler [classpath [META-INF/resources/], classpath [resources/], classpath [static/], classpath [public/], ServletContext [/]]
2025-11-20 11:13:06 - Resource not found
2025-11-20 11:13:06 - Using @ExceptionHandler org.example.codebuddypoc.exception.GlobalExceptionHandler#handleGenericException(Exception)
2025-11-20 11:13:06 - Using 'application/json;q=0.8', given [image/avif, image/webp, image/apng, image/svg+xml, image/*, */*;q=0.8] and supported [application/json, application/*+json]
2025-11-20 11:13:06 - Writing [{error=Internal Server Error, message=服务器内部错误, timestamp=2025-11-20T11:13:06.993996, status=500}]
2025-11-20 11:13:06 - Resolved [org.springframework.web.servlet.resource.NoResourceFoundException: No static resource favicon.ico.]
2025-11-20 11:13:06 - Completed 500 INTERNAL_SERVER_ERROR
Hibernate: 
    select
        tt1_0.id,
        tt1_0.completed_at,
        tt1_0.created_at,
        tt1_0.deadline,
        tt1_0.description,
        tt1_0.priority,
        tt1_0.status,
        tt1_0.title,
        tt1_0.updated_at 
    from
        todo_tasks tt1_0 
    order by
        tt1_0.created_at desc
2025-11-20 11:13:07 - Using 'application/json', given [application/json, text/plain, */*] and supported [application/json, application/*+json]
2025-11-20 11:13:07 - Writing [[TodoTaskResponse(id=2, title=second, description=第二个任务, status=PENDING, statusDescription=未完成, prio (truncated)...]
2025-11-20 11:13:07 - Completed 200 OK
2025-11-20 11:13:07 - GET "/api/tasks?sortBy=created", parameters={masked}
2025-11-20 11:13:07 - Mapped to org.example.codebuddypoc.controller.TodoTaskController#getTasks(String, String)
Hibernate: 
    select
        tt1_0.id,
        tt1_0.completed_at,
        tt1_0.created_at,
        tt1_0.deadline,
        tt1_0.description,
        tt1_0.priority,
        tt1_0.status,
        tt1_0.title,
        tt1_0.updated_at 
    from
        todo_tasks tt1_0 
    order by
        tt1_0.created_at desc
2025-11-20 11:13:07 - Using 'application/json', given [application/json, text/plain, */*] and supported [application/json, application/*+json]
2025-11-20 11:13:07 - Writing [[TodoTaskResponse(id=2, title=second, description=第二个任务, status=PENDING, statusDescription=未完成, prio (truncated)...]
2025-11-20 11:13:07 - Completed 200 OK
2025-11-20 11:13:11 - GET "/api/tasks?sortBy=created", parameters={masked}
2025-11-20 11:13:11 - Mapped to org.example.codebuddypoc.controller.TodoTaskController#getTasks(String, String)
Hibernate: 
    select
        tt1_0.id,
        tt1_0.completed_at,
        tt1_0.created_at,
        tt1_0.deadline,
        tt1_0.description,
        tt1_0.priority,
        tt1_0.status,
        tt1_0.title,
        tt1_0.updated_at 
    from
        todo_tasks tt1_0 
    order by
        tt1_0.created_at desc
2025-11-20 11:13:11 - Using 'application/json', given [application/json, text/plain, */*] and supported [application/json, application/*+json]
2025-11-20 11:13:11 - Writing [[TodoTaskResponse(id=2, title=second, description=第二个任务, status=PENDING, statusDescription=未完成, prio (truncated)...]
2025-11-20 11:13:11 - Completed 200 OK
2025-11-20 11:13:11 - GET "/favicon.ico", parameters={}
2025-11-20 11:13:11 - Mapped to ResourceHttpRequestHandler [classpath [META-INF/resources/], classpath [resources/], classpath [static/], classpath [public/], ServletContext [/]]
2025-11-20 11:13:11 - Resource not found
2025-11-20 11:13:11 - Using @ExceptionHandler org.example.codebuddypoc.exception.GlobalExceptionHandler#handleGenericException(Exception)
2025-11-20 11:13:11 - Using 'application/json;q=0.8', given [image/avif, image/webp, image/apng, image/svg+xml, image/*, */*;q=0.8] and supported [application/json, application/*+json]
2025-11-20 11:13:11 - Writing [{error=Internal Server Error, message=服务器内部错误, timestamp=2025-11-20T11:13:11.202859, status=500}]
2025-11-20 11:13:11 - Resolved [org.springframework.web.servlet.resource.NoResourceFoundException: No static resource favicon.ico.]
2025-11-20 11:13:11 - Completed 500 INTERNAL_SERVER_ERROR
2025-11-20 11:13:11 - GET "/api/tasks?sortBy=created", parameters={masked}
2025-11-20 11:13:11 - Mapped to org.example.codebuddypoc.controller.TodoTaskController#getTasks(String, String)
Hibernate: 
    select
        tt1_0.id,
        tt1_0.completed_at,
        tt1_0.created_at,
        tt1_0.deadline,
        tt1_0.description,
        tt1_0.priority,
        tt1_0.status,
        tt1_0.title,
        tt1_0.updated_at 
    from
        todo_tasks tt1_0 
    order by
        tt1_0.created_at desc
2025-11-20 11:13:11 - Using 'application/json', given [application/json, text/plain, */*] and supported [application/json, application/*+json]
2025-11-20 11:13:11 - Writing [[TodoTaskResponse(id=2, title=second, description=第二个任务, status=PENDING, statusDescription=未完成, prio (truncated)...]
2025-11-20 11:13:11 - Completed 200 OK
2025-11-20 11:13:34 - GET "/favicon.ico", parameters={}
2025-11-20 11:13:34 - GET "/api/tasks/statistics", parameters={}
2025-11-20 11:13:34 - Mapped to org.example.codebuddypoc.controller.TodoTaskController#getTaskStatistics()
2025-11-20 11:13:34 - Mapped to ResourceHttpRequestHandler [classpath [META-INF/resources/], classpath [resources/], classpath [static/], classpath [public/], ServletContext [/]]
2025-11-20 11:13:34 - Resource not found
2025-11-20 11:13:34 - Using @ExceptionHandler org.example.codebuddypoc.exception.GlobalExceptionHandler#handleGenericException(Exception)
2025-11-20 11:13:34 - Using 'application/json;q=0.8', given [image/avif, image/webp, image/apng, image/svg+xml, image/*, */*;q=0.8] and supported [application/json, application/*+json]
2025-11-20 11:13:34 - Writing [{error=Internal Server Error, message=服务器内部错误, timestamp=2025-11-20T11:13:34.173324, status=500}]
Hibernate: 
    select
        tt1_0.status,
        count(tt1_0.id) 
    from
        todo_tasks tt1_0 
    group by
        tt1_0.status
2025-11-20 11:13:34 - Resolved [org.springframework.web.servlet.resource.NoResourceFoundException: No static resource favicon.ico.]
2025-11-20 11:13:34 - Completed 500 INTERNAL_SERVER_ERROR
Hibernate: 
    select
        tt1_0.priority,
        count(tt1_0.id) 
    from
        todo_tasks tt1_0 
    group by
        tt1_0.priority
Hibernate: 
    select
        date(tt1_0.created_at),
        count(tt1_0.id) 
    from
        todo_tasks tt1_0 
    where
        tt1_0.created_at>=? 
    group by
        date(tt1_0.created_at) 
    order by
        date(tt1_0.created_at)
2025-11-20 11:13:34 - SQL Error: 90022, SQLState: 90022
2025-11-20 11:13:34 - Function "DATE" not found; SQL statement:
select date(tt1_0.created_at),count(tt1_0.id) from todo_tasks tt1_0 where tt1_0.created_at>=? group by date(tt1_0.created_at) order by date(tt1_0.created_at) [90022-224]
2025-11-20 11:13:34 - Using @ExceptionHandler org.example.codebuddypoc.exception.GlobalExceptionHandler#handleRuntimeException(RuntimeException)
2025-11-20 11:13:34 - Using 'application/json', given [application/json, text/plain, */*] and supported [application/json, application/*+json]
2025-11-20 11:13:34 - Writing [{error=Resource Not Found, message=could not prepare statement [Function "DATE" not found; SQL state (truncated)...]
2025-11-20 11:13:34 - Resolved [org.springframework.dao.InvalidDataAccessResourceUsageException: could not prepare statement [Function "DATE" not found; SQL statement:<EOL>select date(tt1_0.created_at),count(tt1_0.id) from todo_tasks tt1_0 where tt1_0.created_at>=? group by date(tt1_0.created_at) order by date(tt1_0.created_at) [90022-224]] [select date(tt1_0.created_at),count(tt1_0.id) from todo_tasks tt1_0 where tt1_0.created_at>=? group by date(tt1_0.created_at) order by date(tt1_0.created_at)]; SQL [select date(tt1_0.created_at),count(tt1_0.id) from todo_tasks tt1_0 where tt1_0.created_at>=? group by date(tt1_0.created_at) order by date(tt1_0.created_at)]]
2025-11-20 11:13:34 - Completed 404 NOT_FOUND
2025-11-20 11:13:34 - GET "/api/tasks/statistics", parameters={}
2025-11-20 11:13:34 - Mapped to org.example.codebuddypoc.controller.TodoTaskController#getTaskStatistics()
Hibernate: 
    select
        tt1_0.status,
        count(tt1_0.id) 
    from
        todo_tasks tt1_0 
    group by
        tt1_0.status
Hibernate: 
    select
        tt1_0.priority,
        count(tt1_0.id) 
    from
        todo_tasks tt1_0 
    group by
        tt1_0.priority
Hibernate: 
    select
        date(tt1_0.created_at),
        count(tt1_0.id) 
    from
        todo_tasks tt1_0 
    where
        tt1_0.created_at>=? 
    group by
        date(tt1_0.created_at) 
    order by
        date(tt1_0.created_at)
2025-11-20 11:13:34 - SQL Error: 90022, SQLState: 90022
2025-11-20 11:13:34 - Function "DATE" not found; SQL statement:
select date(tt1_0.created_at),count(tt1_0.id) from todo_tasks tt1_0 where tt1_0.created_at>=? group by date(tt1_0.created_at) order by date(tt1_0.created_at) [90022-224]
2025-11-20 11:13:34 - Using @ExceptionHandler org.example.codebuddypoc.exception.GlobalExceptionHandler#handleRuntimeException(RuntimeException)
2025-11-20 11:13:34 - Using 'application/json', given [application/json, text/plain, */*] and supported [application/json, application/*+json]
2025-11-20 11:13:34 - Writing [{error=Resource Not Found, message=could not prepare statement [Function "DATE" not found; SQL state (truncated)...]
2025-11-20 11:13:34 - Resolved [org.springframework.dao.InvalidDataAccessResourceUsageException: could not prepare statement [Function "DATE" not found; SQL statement:<EOL>select date(tt1_0.created_at),count(tt1_0.id) from todo_tasks tt1_0 where tt1_0.created_at>=? group by date(tt1_0.created_at) order by date(tt1_0.created_at) [90022-224]] [select date(tt1_0.created_at),count(tt1_0.id) from todo_tasks tt1_0 where tt1_0.created_at>=? group by date(tt1_0.created_at) order by date(tt1_0.created_at)]; SQL [select date(tt1_0.created_at),count(tt1_0.id) from todo_tasks tt1_0 where tt1_0.created_at>=? group by date(tt1_0.created_at) order by date(tt1_0.created_at)]]
2025-11-20 11:13:34 - Completed 404 NOT_FOUND
2025-11-20 11:13:53 - GET "/api/tasks?sortBy=created", parameters={masked}
2025-11-20 11:13:53 - GET "/favicon.ico", parameters={}
2025-11-20 11:13:53 - Mapped to org.example.codebuddypoc.controller.TodoTaskController#getTasks(String, String)
2025-11-20 11:13:53 - Mapped to ResourceHttpRequestHandler [classpath [META-INF/resources/], classpath [resources/], classpath [static/], classpath [public/], ServletContext [/]]
2025-11-20 11:13:53 - Resource not found
2025-11-20 11:13:53 - Using @ExceptionHandler org.example.codebuddypoc.exception.GlobalExceptionHandler#handleGenericException(Exception)
2025-11-20 11:13:53 - Using 'application/json;q=0.8', given [image/avif, image/webp, image/apng, image/svg+xml, image/*, */*;q=0.8] and supported [application/json, application/*+json]
2025-11-20 11:13:53 - Writing [{error=Internal Server Error, message=服务器内部错误, timestamp=2025-11-20T11:13:53.639135, status=500}]
2025-11-20 11:13:53 - Resolved [org.springframework.web.servlet.resource.NoResourceFoundException: No static resource favicon.ico.]
2025-11-20 11:13:53 - Completed 500 INTERNAL_SERVER_ERROR
Hibernate: 
    select
        tt1_0.id,
        tt1_0.completed_at,
        tt1_0.created_at,
        tt1_0.deadline,
        tt1_0.description,
        tt1_0.priority,
        tt1_0.status,
        tt1_0.title,
        tt1_0.updated_at 
    from
        todo_tasks tt1_0 
    order by
        tt1_0.created_at desc
2025-11-20 11:13:53 - Using 'application/json', given [application/json, text/plain, */*] and supported [application/json, application/*+json]
2025-11-20 11:13:53 - Writing [[TodoTaskResponse(id=2, title=second, description=第二个任务, status=PENDING, statusDescription=未完成, prio (truncated)...]
2025-11-20 11:13:53 - Completed 200 OK
2025-11-20 11:13:53 - GET "/api/tasks?sortBy=created", parameters={masked}
2025-11-20 11:13:53 - Mapped to org.example.codebuddypoc.controller.TodoTaskController#getTasks(String, String)
Hibernate: 
    select
        tt1_0.id,
        tt1_0.completed_at,
        tt1_0.created_at,
        tt1_0.deadline,
        tt1_0.description,
        tt1_0.priority,
        tt1_0.status,
        tt1_0.title,
        tt1_0.updated_at 
    from
        todo_tasks tt1_0 
    order by
        tt1_0.created_at desc
2025-11-20 11:13:53 - Using 'application/json', given [application/json, text/plain, */*] and supported [application/json, application/*+json]
2025-11-20 11:13:53 - Writing [[TodoTaskResponse(id=2, title=second, description=第二个任务, status=PENDING, statusDescription=未完成, prio (truncated)...]
2025-11-20 11:13:53 - Completed 200 OK
2025-11-20 11:13:54 - GET "/api/tasks/statistics", parameters={}
2025-11-20 11:13:54 - GET "/favicon.ico", parameters={}
2025-11-20 11:13:54 - Mapped to org.example.codebuddypoc.controller.TodoTaskController#getTaskStatistics()
2025-11-20 11:13:54 - Mapped to ResourceHttpRequestHandler [classpath [META-INF/resources/], classpath [resources/], classpath [static/], classpath [public/], ServletContext [/]]
2025-11-20 11:13:54 - Resource not found
Hibernate: 
    select
        tt1_0.status,
        count(tt1_0.id) 
    from
        todo_tasks tt1_0 
    group by
        tt1_0.status
2025-11-20 11:13:54 - Using @ExceptionHandler org.example.codebuddypoc.exception.GlobalExceptionHandler#handleGenericException(Exception)
2025-11-20 11:13:54 - Using 'application/json;q=0.8', given [image/avif, image/webp, image/apng, image/svg+xml, image/*, */*;q=0.8] and supported [application/json, application/*+json]
2025-11-20 11:13:54 - Writing [{error=Internal Server Error, message=服务器内部错误, timestamp=2025-11-20T11:13:54.003367, status=500}]
2025-11-20 11:13:54 - Resolved [org.springframework.web.servlet.resource.NoResourceFoundException: No static resource favicon.ico.]
2025-11-20 11:13:54 - Completed 500 INTERNAL_SERVER_ERROR
Hibernate: 
    select
        tt1_0.priority,
        count(tt1_0.id) 
    from
        todo_tasks tt1_0 
    group by
        tt1_0.priority
Hibernate: 
    select
        date(tt1_0.created_at),
        count(tt1_0.id) 
    from
        todo_tasks tt1_0 
    where
        tt1_0.created_at>=? 
    group by
        date(tt1_0.created_at) 
    order by
        date(tt1_0.created_at)
2025-11-20 11:13:54 - SQL Error: 90022, SQLState: 90022
2025-11-20 11:13:54 - Function "DATE" not found; SQL statement:
select date(tt1_0.created_at),count(tt1_0.id) from todo_tasks tt1_0 where tt1_0.created_at>=? group by date(tt1_0.created_at) order by date(tt1_0.created_at) [90022-224]
2025-11-20 11:13:54 - Using @ExceptionHandler org.example.codebuddypoc.exception.GlobalExceptionHandler#handleRuntimeException(RuntimeException)
2025-11-20 11:13:54 - Using 'application/json', given [application/json, text/plain, */*] and supported [application/json, application/*+json]
2025-11-20 11:13:54 - Writing [{error=Resource Not Found, message=could not prepare statement [Function "DATE" not found; SQL state (truncated)...]
2025-11-20 11:13:54 - Resolved [org.springframework.dao.InvalidDataAccessResourceUsageException: could not prepare statement [Function "DATE" not found; SQL statement:<EOL>select date(tt1_0.created_at),count(tt1_0.id) from todo_tasks tt1_0 where tt1_0.created_at>=? group by date(tt1_0.created_at) order by date(tt1_0.created_at) [90022-224]] [select date(tt1_0.created_at),count(tt1_0.id) from todo_tasks tt1_0 where tt1_0.created_at>=? group by date(tt1_0.created_at) order by date(tt1_0.created_at)]; SQL [select date(tt1_0.created_at),count(tt1_0.id) from todo_tasks tt1_0 where tt1_0.created_at>=? group by date(tt1_0.created_at) order by date(tt1_0.created_at)]]
2025-11-20 11:13:54 - Completed 404 NOT_FOUND
2025-11-20 11:13:54 - GET "/api/tasks/statistics", parameters={}
2025-11-20 11:13:54 - Mapped to org.example.codebuddypoc.controller.TodoTaskController#getTaskStatistics()
Hibernate: 
    select
        tt1_0.status,
        count(tt1_0.id) 
    from
        todo_tasks tt1_0 
    group by
        tt1_0.status
Hibernate: 
    select
        tt1_0.priority,
        count(tt1_0.id) 
    from
        todo_tasks tt1_0 
    group by
        tt1_0.priority
Hibernate: 
    select
        date(tt1_0.created_at),
        count(tt1_0.id) 
    from
        todo_tasks tt1_0 
    where
        tt1_0.created_at>=? 
    group by
        date(tt1_0.created_at) 
    order by
        date(tt1_0.created_at)
2025-11-20 11:13:54 - SQL Error: 90022, SQLState: 90022
2025-11-20 11:13:54 - Function "DATE" not found; SQL statement:
select date(tt1_0.created_at),count(tt1_0.id) from todo_tasks tt1_0 where tt1_0.created_at>=? group by date(tt1_0.created_at) order by date(tt1_0.created_at) [90022-224]
2025-11-20 11:13:54 - Using @ExceptionHandler org.example.codebuddypoc.exception.GlobalExceptionHandler#handleRuntimeException(RuntimeException)
2025-11-20 11:13:54 - Using 'application/json', given [application/json, text/plain, */*] and supported [application/json, application/*+json]
2025-11-20 11:13:54 - Writing [{error=Resource Not Found, message=could not prepare statement [Function "DATE" not found; SQL state (truncated)...]
2025-11-20 11:13:54 - Resolved [org.springframework.dao.InvalidDataAccessResourceUsageException: could not prepare statement [Function "DATE" not found; SQL statement:<EOL>select date(tt1_0.created_at),count(tt1_0.id) from todo_tasks tt1_0 where tt1_0.created_at>=? group by date(tt1_0.created_at) order by date(tt1_0.created_at) [90022-224]] [select date(tt1_0.created_at),count(tt1_0.id) from todo_tasks tt1_0 where tt1_0.created_at>=? group by date(tt1_0.created_at) order by date(tt1_0.created_at)]; SQL [select date(tt1_0.created_at),count(tt1_0.id) from todo_tasks tt1_0 where tt1_0.created_at>=? group by date(tt1_0.created_at) order by date(tt1_0.created_at)]]
2025-11-20 11:13:54 - Completed 404 NOT_FOUND
2025-11-20 11:14:00 - 开始检查任务提醒...
Hibernate: 
    select
        tt1_0.id,
        tt1_0.completed_at,
        tt1_0.created_at,
        tt1_0.deadline,
        tt1_0.description,
        tt1_0.priority,
        tt1_0.status,
        tt1_0.title,
        tt1_0.updated_at 
    from
        todo_tasks tt1_0 
    where
        tt1_0.deadline between ? and ? 
        and tt1_0.status='PENDING'
Hibernate: 
    select
        tt1_0.id,
        tt1_0.completed_at,
        tt1_0.created_at,
        tt1_0.deadline,
        tt1_0.description,
        tt1_0.priority,
        tt1_0.status,
        tt1_0.title,
        tt1_0.updated_at 
    from
        todo_tasks tt1_0 
    where
        tt1_0.deadline<? 
        and tt1_0.status='PENDING'
2025-11-20 11:14:00 - 任务提醒检查完成，共检查到 0 个需要提醒的任务
2025-11-20 11:14:34 - GET "/api/tasks?sortBy=created", parameters={masked}
2025-11-20 11:14:34 - GET "/favicon.ico", parameters={}
2025-11-20 11:14:34 - GET "/api/tasks?sortBy=created", parameters={masked}
2025-11-20 11:14:34 - Mapped to org.example.codebuddypoc.controller.TodoTaskController#getTasks(String, String)
2025-11-20 11:14:34 - Mapped to org.example.codebuddypoc.controller.TodoTaskController#getTasks(String, String)
2025-11-20 11:14:34 - Mapped to ResourceHttpRequestHandler [classpath [META-INF/resources/], classpath [resources/], classpath [static/], classpath [public/], ServletContext [/]]
2025-11-20 11:14:34 - Resource not found
2025-11-20 11:14:34 - Using @ExceptionHandler org.example.codebuddypoc.exception.GlobalExceptionHandler#handleGenericException(Exception)
2025-11-20 11:14:34 - Using 'application/json;q=0.8', given [image/avif, image/webp, image/apng, image/svg+xml, image/*, */*;q=0.8] and supported [application/json, application/*+json]
2025-11-20 11:14:34 - Writing [{error=Internal Server Error, message=服务器内部错误, timestamp=2025-11-20T11:14:34.026167, status=500}]
2025-11-20 11:14:34 - Resolved [org.springframework.web.servlet.resource.NoResourceFoundException: No static resource favicon.ico.]
2025-11-20 11:14:34 - Completed 500 INTERNAL_SERVER_ERROR
Hibernate: 
    select
        tt1_0.id,
        tt1_0.completed_at,
        tt1_0.created_at,
        tt1_0.deadline,
        tt1_0.description,
        tt1_0.priority,
        tt1_0.status,
        tt1_0.title,
        tt1_0.updated_at 
    from
        todo_tasks tt1_0 
    order by
        tt1_0.created_at desc
Hibernate: 
    select
        tt1_0.id,
        tt1_0.completed_at,
        tt1_0.created_at,
        tt1_0.deadline,
        tt1_0.description,
        tt1_0.priority,
        tt1_0.status,
        tt1_0.title,
        tt1_0.updated_at 
    from
        todo_tasks tt1_0 
    order by
        tt1_0.created_at desc
2025-11-20 11:14:34 - Using 'application/json', given [application/json, text/plain, */*] and supported [application/json, application/*+json]
2025-11-20 11:14:34 - Using 'application/json', given [application/json, text/plain, */*] and supported [application/json, application/*+json]
2025-11-20 11:14:34 - Writing [[TodoTaskResponse(id=2, title=second, description=第二个任务, status=PENDING, statusDescription=未完成, prio (truncated)...]
2025-11-20 11:14:34 - Writing [[TodoTaskResponse(id=2, title=second, description=第二个任务, status=PENDING, statusDescription=未完成, prio (truncated)...]
2025-11-20 11:14:34 - Completed 200 OK
2025-11-20 11:14:34 - Completed 200 OK
2025-11-20 11:14:35 - GET "/favicon.ico", parameters={}
2025-11-20 11:14:35 - GET "/api/tasks/statistics", parameters={}
2025-11-20 11:14:35 - GET "/api/tasks/statistics", parameters={}
2025-11-20 11:14:35 - Mapped to org.example.codebuddypoc.controller.TodoTaskController#getTaskStatistics()
2025-11-20 11:14:35 - Mapped to org.example.codebuddypoc.controller.TodoTaskController#getTaskStatistics()
2025-11-20 11:14:35 - Mapped to ResourceHttpRequestHandler [classpath [META-INF/resources/], classpath [resources/], classpath [static/], classpath [public/], ServletContext [/]]
2025-11-20 11:14:35 - Resource not found
2025-11-20 11:14:35 - Using @ExceptionHandler org.example.codebuddypoc.exception.GlobalExceptionHandler#handleGenericException(Exception)
2025-11-20 11:14:35 - Using 'application/json;q=0.8', given [image/avif, image/webp, image/apng, image/svg+xml, image/*, */*;q=0.8] and supported [application/json, application/*+json]
2025-11-20 11:14:35 - Writing [{error=Internal Server Error, message=服务器内部错误, timestamp=2025-11-20T11:14:35.169100, status=500}]
Hibernate: 
    select
        tt1_0.status,
        count(tt1_0.id) 
    from
        todo_tasks tt1_0 
    group by
        tt1_0.status
Hibernate: 
    select
        tt1_0.status,
        count(tt1_0.id) 
    from
        todo_tasks tt1_0 
    group by
        tt1_0.status
2025-11-20 11:14:35 - Resolved [org.springframework.web.servlet.resource.NoResourceFoundException: No static resource favicon.ico.]
2025-11-20 11:14:35 - Completed 500 INTERNAL_SERVER_ERROR
Hibernate: 
    select
        tt1_0.priority,
        count(tt1_0.id) 
    from
        todo_tasks tt1_0 
    group by
        tt1_0.priority
Hibernate: 
    select
        tt1_0.priority,
        count(tt1_0.id) 
    from
        todo_tasks tt1_0 
    group by
        tt1_0.priority
Hibernate: 
    select
        date(tt1_0.created_at),
        count(tt1_0.id) 
    from
        todo_tasks tt1_0 
    where
        tt1_0.created_at>=? 
    group by
        date(tt1_0.created_at) 
    order by
        date(tt1_0.created_at)
Hibernate: 
    select
        date(tt1_0.created_at),
        count(tt1_0.id) 
    from
        todo_tasks tt1_0 
    where
        tt1_0.created_at>=? 
    group by
        date(tt1_0.created_at) 
    order by
        date(tt1_0.created_at)
2025-11-20 11:14:35 - SQL Error: 90022, SQLState: 90022
2025-11-20 11:14:35 - SQL Error: 90022, SQLState: 90022
2025-11-20 11:14:35 - Function "DATE" not found; SQL statement:
select date(tt1_0.created_at),count(tt1_0.id) from todo_tasks tt1_0 where tt1_0.created_at>=? group by date(tt1_0.created_at) order by date(tt1_0.created_at) [90022-224]
2025-11-20 11:14:35 - Function "DATE" not found; SQL statement:
select date(tt1_0.created_at),count(tt1_0.id) from todo_tasks tt1_0 where tt1_0.created_at>=? group by date(tt1_0.created_at) order by date(tt1_0.created_at) [90022-224]
2025-11-20 11:14:35 - Using @ExceptionHandler org.example.codebuddypoc.exception.GlobalExceptionHandler#handleRuntimeException(RuntimeException)
2025-11-20 11:14:35 - Using @ExceptionHandler org.example.codebuddypoc.exception.GlobalExceptionHandler#handleRuntimeException(RuntimeException)
2025-11-20 11:14:35 - Using 'application/json', given [application/json, text/plain, */*] and supported [application/json, application/*+json]
2025-11-20 11:14:35 - Using 'application/json', given [application/json, text/plain, */*] and supported [application/json, application/*+json]
2025-11-20 11:14:35 - Writing [{error=Resource Not Found, message=could not prepare statement [Function "DATE" not found; SQL state (truncated)...]
2025-11-20 11:14:35 - Writing [{error=Resource Not Found, message=could not prepare statement [Function "DATE" not found; SQL state (truncated)...]
2025-11-20 11:14:35 - Resolved [org.springframework.dao.InvalidDataAccessResourceUsageException: could not prepare statement [Function "DATE" not found; SQL statement:<EOL>select date(tt1_0.created_at),count(tt1_0.id) from todo_tasks tt1_0 where tt1_0.created_at>=? group by date(tt1_0.created_at) order by date(tt1_0.created_at) [90022-224]] [select date(tt1_0.created_at),count(tt1_0.id) from todo_tasks tt1_0 where tt1_0.created_at>=? group by date(tt1_0.created_at) order by date(tt1_0.created_at)]; SQL [select date(tt1_0.created_at),count(tt1_0.id) from todo_tasks tt1_0 where tt1_0.created_at>=? group by date(tt1_0.created_at) order by date(tt1_0.created_at)]]
2025-11-20 11:14:35 - Completed 404 NOT_FOUND
2025-11-20 11:14:35 - Resolved [org.springframework.dao.InvalidDataAccessResourceUsageException: could not prepare statement [Function "DATE" not found; SQL statement:<EOL>select date(tt1_0.created_at),count(tt1_0.id) from todo_tasks tt1_0 where tt1_0.created_at>=? group by date(tt1_0.created_at) order by date(tt1_0.created_at) [90022-224]] [select date(tt1_0.created_at),count(tt1_0.id) from todo_tasks tt1_0 where tt1_0.created_at>=? group by date(tt1_0.created_at) order by date(tt1_0.created_at)]; SQL [select date(tt1_0.created_at),count(tt1_0.id) from todo_tasks tt1_0 where tt1_0.created_at>=? group by date(tt1_0.created_at) order by date(tt1_0.created_at)]]
2025-11-20 11:14:35 - Completed 404 NOT_FOUND
2025-11-20 11:14:46 - GET "/api/tasks/statistics", parameters={}
2025-11-20 11:14:46 - Mapped to org.example.codebuddypoc.controller.TodoTaskController#getTaskStatistics()
Hibernate: 
    select
        tt1_0.status,
        count(tt1_0.id) 
    from
        todo_tasks tt1_0 
    group by
        tt1_0.status
Hibernate: 
    select
        tt1_0.priority,
        count(tt1_0.id) 
    from
        todo_tasks tt1_0 
    group by
        tt1_0.priority
Hibernate: 
    select
        date(tt1_0.created_at),
        count(tt1_0.id) 
    from
        todo_tasks tt1_0 
    where
        tt1_0.created_at>=? 
    group by
        date(tt1_0.created_at) 
    order by
        date(tt1_0.created_at)
2025-11-20 11:14:46 - SQL Error: 90022, SQLState: 90022
2025-11-20 11:14:46 - Function "DATE" not found; SQL statement:
select date(tt1_0.created_at),count(tt1_0.id) from todo_tasks tt1_0 where tt1_0.created_at>=? group by date(tt1_0.created_at) order by date(tt1_0.created_at) [90022-224]
2025-11-20 11:14:46 - Using @ExceptionHandler org.example.codebuddypoc.exception.GlobalExceptionHandler#handleRuntimeException(RuntimeException)
2025-11-20 11:14:46 - Using 'application/json', given [*/*] and supported [application/json, application/*+json]
2025-11-20 11:14:46 - Writing [{error=Resource Not Found, message=could not prepare statement [Function "DATE" not found; SQL state (truncated)...]
2025-11-20 11:14:46 - Resolved [org.springframework.dao.InvalidDataAccessResourceUsageException: could not prepare statement [Function "DATE" not found; SQL statement:<EOL>select date(tt1_0.created_at),count(tt1_0.id) from todo_tasks tt1_0 where tt1_0.created_at>=? group by date(tt1_0.created_at) order by date(tt1_0.created_at) [90022-224]] [select date(tt1_0.created_at),count(tt1_0.id) from todo_tasks tt1_0 where tt1_0.created_at>=? group by date(tt1_0.created_at) order by date(tt1_0.created_at)]; SQL [select date(tt1_0.created_at),count(tt1_0.id) from todo_tasks tt1_0 where tt1_0.created_at>=? group by date(tt1_0.created_at) order by date(tt1_0.created_at)]]
2025-11-20 11:14:46 - Completed 404 NOT_FOUND
2025-11-20 11:15:00 - 开始检查任务提醒...
Hibernate: 
    select
        tt1_0.id,
        tt1_0.completed_at,
        tt1_0.created_at,
        tt1_0.deadline,
        tt1_0.description,
        tt1_0.priority,
        tt1_0.status,
        tt1_0.title,
        tt1_0.updated_at 
    from
        todo_tasks tt1_0 
    where
        tt1_0.deadline between ? and ? 
        and tt1_0.status='PENDING'
Hibernate: 
    select
        tt1_0.id,
        tt1_0.completed_at,
        tt1_0.created_at,
        tt1_0.deadline,
        tt1_0.description,
        tt1_0.priority,
        tt1_0.status,
        tt1_0.title,
        tt1_0.updated_at 
    from
        todo_tasks tt1_0 
    where
        tt1_0.deadline<? 
        and tt1_0.status='PENDING'
2025-11-20 11:15:00 - 任务提醒检查完成，共检查到 0 个需要提醒的任务
2025-11-20 11:15:51 - GET "/api/tasks/statistics", parameters={}
2025-11-20 11:15:51 - Mapped to org.example.codebuddypoc.controller.TodoTaskController#getTaskStatistics()
Hibernate: 
    select
        tt1_0.status,
        count(tt1_0.id) 
    from
        todo_tasks tt1_0 
    group by
        tt1_0.status
Hibernate: 
    select
        tt1_0.priority,
        count(tt1_0.id) 
    from
        todo_tasks tt1_0 
    group by
        tt1_0.priority
Hibernate: 
    select
        date(tt1_0.created_at),
        count(tt1_0.id) 
    from
        todo_tasks tt1_0 
    where
        tt1_0.created_at>=? 
    group by
        date(tt1_0.created_at) 
    order by
        date(tt1_0.created_at)
2025-11-20 11:15:51 - SQL Error: 90022, SQLState: 90022
2025-11-20 11:15:51 - Function "DATE" not found; SQL statement:
select date(tt1_0.created_at),count(tt1_0.id) from todo_tasks tt1_0 where tt1_0.created_at>=? group by date(tt1_0.created_at) order by date(tt1_0.created_at) [90022-224]
2025-11-20 11:15:51 - Using @ExceptionHandler org.example.codebuddypoc.exception.GlobalExceptionHandler#handleRuntimeException(RuntimeException)
2025-11-20 11:15:51 - Using 'application/json', given [*/*] and supported [application/json, application/*+json]
2025-11-20 11:15:51 - Writing [{error=Resource Not Found, message=could not prepare statement [Function "DATE" not found; SQL state (truncated)...]
2025-11-20 11:15:51 - Resolved [org.springframework.dao.InvalidDataAccessResourceUsageException: could not prepare statement [Function "DATE" not found; SQL statement:<EOL>select date(tt1_0.created_at),count(tt1_0.id) from todo_tasks tt1_0 where tt1_0.created_at>=? group by date(tt1_0.created_at) order by date(tt1_0.created_at) [90022-224]] [select date(tt1_0.created_at),count(tt1_0.id) from todo_tasks tt1_0 where tt1_0.created_at>=? group by date(tt1_0.created_at) order by date(tt1_0.created_at)]; SQL [select date(tt1_0.created_at),count(tt1_0.id) from todo_tasks tt1_0 where tt1_0.created_at>=? group by date(tt1_0.created_at) order by date(tt1_0.created_at)]]
2025-11-20 11:15:51 - Completed 404 NOT_FOUND
2025-11-20 11:16:00 - 开始检查任务提醒...
Hibernate: 
    select
        tt1_0.id,
        tt1_0.completed_at,
        tt1_0.created_at,
        tt1_0.deadline,
        tt1_0.description,
        tt1_0.priority,
        tt1_0.status,
        tt1_0.title,
        tt1_0.updated_at 
    from
        todo_tasks tt1_0 
    where
        tt1_0.deadline between ? and ? 
        and tt1_0.status='PENDING'
Hibernate: 
    select
        tt1_0.id,
        tt1_0.completed_at,
        tt1_0.created_at,
        tt1_0.deadline,
        tt1_0.description,
        tt1_0.priority,
        tt1_0.status,
        tt1_0.title,
        tt1_0.updated_at 
    from
        todo_tasks tt1_0 
    where
        tt1_0.deadline<? 
        and tt1_0.status='PENDING'
2025-11-20 11:16:00 - 任务提醒检查完成，共检查到 0 个需要提醒的任务
